// Jest Snapshot v1, https://goo.gl/fbAQLP

exports[`App snapshot renders 1`] = `
Array [
  <div>
    -1
  </div>,
  <div>
    <ol />
  </div>,
]
`;
